debug: false
server:
    port: 80
scrape:
    enabled: false
    polling: 5m0s
    collection: 15m0s
database:
    host: postgres
    port: 5432
    database: solar
    username: solar
    password: solar
tado:
    username: ""
    password: ""
solarEdge:
    token: ""
